Compiling SilentDragonLite 1.2.2 with 4 threads...
g++ -c -include bin/SilentDragonLite -pipe -g -std=gnu++1y -Wall -W -D_REENTRANT -fPIC -DQT_DEPRECATED_WARNINGS -DQAPPLICATION_CLASS=QApplication -D_FORTIFY_SOURCE=2 -DQT_WIDGETS_LIB -DQT_GUI_LIB -DQT_WEBSOCKETS_LIB -DQT_NETWORK_LIB -DQT_CORE_LIB -I. -Isrc/3rdparty -Isrc -Isingleapplication -Ires -isystem /usr/include/x86_64-linux-gnu/qt5 -isystem /usr/include/x86_64-linux-gnu/qt5/QtWidgets -isystem /usr/include/x86_64-linux-gnu/qt5/QtGui -isystem /usr/include/x86_64-linux-gnu/qt5/QtWebSockets -isystem /usr/include/x86_64-linux-gnu/qt5/QtNetwork -isystem /usr/include/x86_64-linux-gnu/qt5/QtCore -Ibin -Isrc -I/usr/lib/x86_64-linux-gnu/qt5/mkspecs/linux-g++ -o bin/mainwindow.o src/mainwindow.cpp
g++ -c -include bin/SilentDragonLite -pipe -g -std=gnu++1y -Wall -W -D_REENTRANT -fPIC -DQT_DEPRECATED_WARNINGS -DQAPPLICATION_CLASS=QApplication -D_FORTIFY_SOURCE=2 -DQT_WIDGETS_LIB -DQT_GUI_LIB -DQT_WEBSOCKETS_LIB -DQT_NETWORK_LIB -DQT_CORE_LIB -I. -Isrc/3rdparty -Isrc -Isingleapplication -Ires -isystem /usr/include/x86_64-linux-gnu/qt5 -isystem /usr/include/x86_64-linux-gnu/qt5/QtWidgets -isystem /usr/include/x86_64-linux-gnu/qt5/QtGui -isystem /usr/include/x86_64-linux-gnu/qt5/QtWebSockets -isystem /usr/include/x86_64-linux-gnu/qt5/QtNetwork -isystem /usr/include/x86_64-linux-gnu/qt5/QtCore -Ibin -Isrc -I/usr/lib/x86_64-linux-gnu/qt5/mkspecs/linux-g++ -o bin/sendtab.o src/sendtab.cpp
g++ -c -include bin/SilentDragonLite -pipe -g -std=gnu++1y -Wall -W -D_REENTRANT -fPIC -DQT_DEPRECATED_WARNINGS -DQAPPLICATION_CLASS=QApplication -D_FORTIFY_SOURCE=2 -DQT_WIDGETS_LIB -DQT_GUI_LIB -DQT_WEBSOCKETS_LIB -DQT_NETWORK_LIB -DQT_CORE_LIB -I. -Isrc/3rdparty -Isrc -Isingleapplication -Ires -isystem /usr/include/x86_64-linux-gnu/qt5 -isystem /usr/include/x86_64-linux-gnu/qt5/QtWidgets -isystem /usr/include/x86_64-linux-gnu/qt5/QtGui -isystem /usr/include/x86_64-linux-gnu/qt5/QtWebSockets -isystem /usr/include/x86_64-linux-gnu/qt5/QtNetwork -isystem /usr/include/x86_64-linux-gnu/qt5/QtCore -Ibin -Isrc -I/usr/lib/x86_64-linux-gnu/qt5/mkspecs/linux-g++ -o bin/addressbook.o src/addressbook.cpp
g++ -c -include bin/SilentDragonLite -pipe -g -std=gnu++1y -Wall -W -D_REENTRANT -fPIC -DQT_DEPRECATED_WARNINGS -DQAPPLICATION_CLASS=QApplication -D_FORTIFY_SOURCE=2 -DQT_WIDGETS_LIB -DQT_GUI_LIB -DQT_WEBSOCKETS_LIB -DQT_NETWORK_LIB -DQT_CORE_LIB -I. -Isrc/3rdparty -Isrc -Isingleapplication -Ires -isystem /usr/include/x86_64-linux-gnu/qt5 -isystem /usr/include/x86_64-linux-gnu/qt5/QtWidgets -isystem /usr/include/x86_64-linux-gnu/qt5/QtGui -isystem /usr/include/x86_64-linux-gnu/qt5/QtWebSockets -isystem /usr/include/x86_64-linux-gnu/qt5/QtNetwork -isystem /usr/include/x86_64-linux-gnu/qt5/QtCore -Ibin -Isrc -I/usr/lib/x86_64-linux-gnu/qt5/mkspecs/linux-g++ -o bin/addresscombo.o src/addresscombo.cpp
